../Core/Src/main.c:52:6:delay	16	static
../Core/Src/main.c:58:5:HCSR04_Read1	32	static
../Core/Src/main.c:95:5:HCSR04_Read2	32	static
../Core/Src/main.c:131:5:HCSR04_Read3	32	static
../Core/Src/main.c:184:5:main	64	static
../Core/Src/main.c:267:6:SystemClock_Config	72	static
../Core/Src/main.c:306:13:MX_TIM1_Init	32	static
../Core/Src/main.c:355:13:MX_USART1_UART_Init	8	static
../Core/Src/main.c:388:13:MX_USART2_UART_Init	8	static
../Core/Src/main.c:419:13:MX_DMA_Init	16	static
../Core/Src/main.c:437:13:MX_GPIO_Init	40	static
../Core/Src/main.c:476:6:Error_Handler	4	static,ignoring_inline_asm
